../Core/Src/lis2dtw12_reg.c:49:16:lis2dtw12_read_reg	48	static
../Core/Src/lis2dtw12_reg.c:70:16:lis2dtw12_write_reg	48	static
../Core/Src/lis2dtw12_reg.c:93:9:lis2dtw12_from_fs2_to_mg	16	static
../Core/Src/lis2dtw12_reg.c:98:9:lis2dtw12_from_fs4_to_mg	16	static
../Core/Src/lis2dtw12_reg.c:103:9:lis2dtw12_from_fs8_to_mg	16	static
../Core/Src/lis2dtw12_reg.c:108:9:lis2dtw12_from_fs16_to_mg	16	static
../Core/Src/lis2dtw12_reg.c:113:9:lis2dtw12_from_fs2_lp1_to_mg	16	static
../Core/Src/lis2dtw12_reg.c:118:9:lis2dtw12_from_fs4_lp1_to_mg	16	static
../Core/Src/lis2dtw12_reg.c:123:9:lis2dtw12_from_fs8_lp1_to_mg	16	static
../Core/Src/lis2dtw12_reg.c:128:9:lis2dtw12_from_fs16_lp1_to_mg	16	static
../Core/Src/lis2dtw12_reg.c:133:9:lis2dtw12_from_lsb_to_celsius	16	static
../Core/Src/lis2dtw12_reg.c:160:9:lis2dtw12_power_mode_set	40	static
../Core/Src/lis2dtw12_reg.c:199:9:lis2dtw12_power_mode_get	40	static
../Core/Src/lis2dtw12_reg.c:304:9:lis2dtw12_data_rate_set	40	static
../Core/Src/lis2dtw12_reg.c:341:9:lis2dtw12_data_rate_get	40	static
../Core/Src/lis2dtw12_reg.c:421:9:lis2dtw12_block_data_update_set	32	static
../Core/Src/lis2dtw12_reg.c:446:9:lis2dtw12_block_data_update_get	32	static
../Core/Src/lis2dtw12_reg.c:466:9:lis2dtw12_full_scale_set	32	static
../Core/Src/lis2dtw12_reg.c:491:9:lis2dtw12_full_scale_get	32	static
../Core/Src/lis2dtw12_reg.c:533:9:lis2dtw12_status_reg_get	24	static
../Core/Src/lis2dtw12_reg.c:551:9:lis2dtw12_flag_data_ready_get	32	static
../Core/Src/lis2dtw12_reg.c:570:9:lis2dtw12_all_sources_get	24	static
../Core/Src/lis2dtw12_reg.c:591:9:lis2dtw12_usr_offset_x_set	24	static
../Core/Src/lis2dtw12_reg.c:610:9:lis2dtw12_usr_offset_x_get	24	static
../Core/Src/lis2dtw12_reg.c:629:9:lis2dtw12_usr_offset_y_set	24	static
../Core/Src/lis2dtw12_reg.c:648:9:lis2dtw12_usr_offset_y_get	24	static
../Core/Src/lis2dtw12_reg.c:667:9:lis2dtw12_usr_offset_z_set	24	static
../Core/Src/lis2dtw12_reg.c:686:9:lis2dtw12_usr_offset_z_get	24	static
../Core/Src/lis2dtw12_reg.c:705:9:lis2dtw12_offset_weight_set	32	static
../Core/Src/lis2dtw12_reg.c:731:9:lis2dtw12_offset_weight_get	32	static
../Core/Src/lis2dtw12_reg.c:778:9:lis2dtw12_temperature_raw_get	32	static
../Core/Src/lis2dtw12_reg.c:799:9:lis2dtw12_acceleration_raw_get	40	static
../Core/Src/lis2dtw12_reg.c:836:9:lis2dtw12_device_id_get	24	static
../Core/Src/lis2dtw12_reg.c:854:9:lis2dtw12_auto_increment_set	32	static
../Core/Src/lis2dtw12_reg.c:879:9:lis2dtw12_auto_increment_get	32	static
../Core/Src/lis2dtw12_reg.c:898:9:lis2dtw12_reset_set	32	static
../Core/Src/lis2dtw12_reg.c:922:9:lis2dtw12_reset_get	32	static
../Core/Src/lis2dtw12_reg.c:941:9:lis2dtw12_boot_set	32	static
../Core/Src/lis2dtw12_reg.c:965:9:lis2dtw12_boot_get	32	static
../Core/Src/lis2dtw12_reg.c:984:9:lis2dtw12_self_test_set	32	static
../Core/Src/lis2dtw12_reg.c:1008:9:lis2dtw12_self_test_get	32	static
../Core/Src/lis2dtw12_reg.c:1046:9:lis2dtw12_data_ready_mode_set	32	static
../Core/Src/lis2dtw12_reg.c:1071:9:lis2dtw12_data_ready_mode_get	32	static
../Core/Src/lis2dtw12_reg.c:1118:9:lis2dtw12_filter_path_set	40	static
../Core/Src/lis2dtw12_reg.c:1157:9:lis2dtw12_filter_path_get	40	static
../Core/Src/lis2dtw12_reg.c:1203:9:lis2dtw12_filter_bandwidth_set	32	static
../Core/Src/lis2dtw12_reg.c:1229:9:lis2dtw12_filter_bandwidth_get	32	static
../Core/Src/lis2dtw12_reg.c:1271:9:lis2dtw12_reference_mode_set	32	static
../Core/Src/lis2dtw12_reg.c:1295:9:lis2dtw12_reference_mode_get	32	static
../Core/Src/lis2dtw12_reg.c:1327:9:lis2dtw12_spi_mode_set	32	static
../Core/Src/lis2dtw12_reg.c:1351:9:lis2dtw12_spi_mode_get	32	static
../Core/Src/lis2dtw12_reg.c:1386:9:lis2dtw12_i2c_interface_set	32	static
../Core/Src/lis2dtw12_reg.c:1411:9:lis2dtw12_i2c_interface_get	32	static
../Core/Src/lis2dtw12_reg.c:1445:9:lis2dtw12_cs_mode_set	32	static
../Core/Src/lis2dtw12_reg.c:1470:9:lis2dtw12_cs_mode_get	32	static
../Core/Src/lis2dtw12_reg.c:1516:9:lis2dtw12_pin_polarity_set	32	static
../Core/Src/lis2dtw12_reg.c:1541:9:lis2dtw12_pin_polarity_get	32	static
../Core/Src/lis2dtw12_reg.c:1575:9:lis2dtw12_int_notification_set	32	static
../Core/Src/lis2dtw12_reg.c:1600:9:lis2dtw12_int_notification_get	32	static
../Core/Src/lis2dtw12_reg.c:1634:9:lis2dtw12_pin_mode_set	32	static
../Core/Src/lis2dtw12_reg.c:1659:9:lis2dtw12_pin_mode_get	32	static
../Core/Src/lis2dtw12_reg.c:1693:9:lis2dtw12_pin_int1_route_set	32	static
../Core/Src/lis2dtw12_reg.c:1735:9:lis2dtw12_pin_int1_route_get	24	static
../Core/Src/lis2dtw12_reg.c:1754:9:lis2dtw12_pin_int2_route_set	32	static
../Core/Src/lis2dtw12_reg.c:1795:9:lis2dtw12_pin_int2_route_get	24	static
../Core/Src/lis2dtw12_reg.c:1813:9:lis2dtw12_all_on_int1_set	32	static
../Core/Src/lis2dtw12_reg.c:1837:9:lis2dtw12_all_on_int1_get	32	static
../Core/Src/lis2dtw12_reg.c:1869:9:lis2dtw12_wkup_threshold_set	32	static
../Core/Src/lis2dtw12_reg.c:1894:9:lis2dtw12_wkup_threshold_get	32	static
../Core/Src/lis2dtw12_reg.c:1913:9:lis2dtw12_wkup_dur_set	32	static
../Core/Src/lis2dtw12_reg.c:1938:9:lis2dtw12_wkup_dur_get	32	static
../Core/Src/lis2dtw12_reg.c:1957:9:lis2dtw12_wkup_feed_data_set	32	static
../Core/Src/lis2dtw12_reg.c:1982:9:lis2dtw12_wkup_feed_data_get	32	static
../Core/Src/lis2dtw12_reg.c:2031:9:lis2dtw12_act_mode_set	40	static
../Core/Src/lis2dtw12_reg.c:2073:9:lis2dtw12_act_mode_get	40	static
../Core/Src/lis2dtw12_reg.c:2119:9:lis2dtw12_act_sleep_dur_set	32	static
../Core/Src/lis2dtw12_reg.c:2144:9:lis2dtw12_act_sleep_dur_get	32	static
../Core/Src/lis2dtw12_reg.c:2176:9:lis2dtw12_tap_threshold_x_set	32	static
../Core/Src/lis2dtw12_reg.c:2200:9:lis2dtw12_tap_threshold_x_get	32	static
../Core/Src/lis2dtw12_reg.c:2219:9:lis2dtw12_tap_threshold_y_set	32	static
../Core/Src/lis2dtw12_reg.c:2243:9:lis2dtw12_tap_threshold_y_get	32	static
../Core/Src/lis2dtw12_reg.c:2262:9:lis2dtw12_tap_axis_priority_set	32	static
../Core/Src/lis2dtw12_reg.c:2287:9:lis2dtw12_tap_axis_priority_get	32	static
../Core/Src/lis2dtw12_reg.c:2337:9:lis2dtw12_tap_threshold_z_set	32	static
../Core/Src/lis2dtw12_reg.c:2361:9:lis2dtw12_tap_threshold_z_get	32	static
../Core/Src/lis2dtw12_reg.c:2380:9:lis2dtw12_tap_detection_on_z_set	32	static
../Core/Src/lis2dtw12_reg.c:2405:9:lis2dtw12_tap_detection_on_z_get	32	static
../Core/Src/lis2dtw12_reg.c:2425:9:lis2dtw12_tap_detection_on_y_set	32	static
../Core/Src/lis2dtw12_reg.c:2450:9:lis2dtw12_tap_detection_on_y_get	32	static
../Core/Src/lis2dtw12_reg.c:2470:9:lis2dtw12_tap_detection_on_x_set	32	static
../Core/Src/lis2dtw12_reg.c:2495:9:lis2dtw12_tap_detection_on_x_get	32	static
../Core/Src/lis2dtw12_reg.c:2519:9:lis2dtw12_tap_shock_set	32	static
../Core/Src/lis2dtw12_reg.c:2547:9:lis2dtw12_tap_shock_get	32	static
../Core/Src/lis2dtw12_reg.c:2570:9:lis2dtw12_tap_quiet_set	32	static
../Core/Src/lis2dtw12_reg.c:2598:9:lis2dtw12_tap_quiet_get	32	static
../Core/Src/lis2dtw12_reg.c:2622:9:lis2dtw12_tap_dur_set	32	static
../Core/Src/lis2dtw12_reg.c:2651:9:lis2dtw12_tap_dur_get	32	static
../Core/Src/lis2dtw12_reg.c:2670:9:lis2dtw12_tap_mode_set	32	static
../Core/Src/lis2dtw12_reg.c:2696:9:lis2dtw12_tap_mode_get	32	static
../Core/Src/lis2dtw12_reg.c:2730:9:lis2dtw12_tap_src_get	24	static
../Core/Src/lis2dtw12_reg.c:2761:9:lis2dtw12_6d_threshold_set	32	static
../Core/Src/lis2dtw12_reg.c:2785:9:lis2dtw12_6d_threshold_get	32	static
../Core/Src/lis2dtw12_reg.c:2804:9:lis2dtw12_4d_mode_set	32	static
../Core/Src/lis2dtw12_reg.c:2828:9:lis2dtw12_4d_mode_get	32	static
../Core/Src/lis2dtw12_reg.c:2847:9:lis2dtw12_6d_src_get	24	static
../Core/Src/lis2dtw12_reg.c:2864:9:lis2dtw12_6d_feed_data_set	32	static
../Core/Src/lis2dtw12_reg.c:2889:9:lis2dtw12_6d_feed_data_get	32	static
../Core/Src/lis2dtw12_reg.c:2937:9:lis2dtw12_ff_dur_set	40	static
../Core/Src/lis2dtw12_reg.c:2978:9:lis2dtw12_ff_dur_get	40	static
../Core/Src/lis2dtw12_reg.c:3005:9:lis2dtw12_ff_threshold_set	32	static
../Core/Src/lis2dtw12_reg.c:3030:9:lis2dtw12_ff_threshold_get	32	static
../Core/Src/lis2dtw12_reg.c:3100:9:lis2dtw12_fifo_watermark_set	32	static
../Core/Src/lis2dtw12_reg.c:3124:9:lis2dtw12_fifo_watermark_get	32	static
../Core/Src/lis2dtw12_reg.c:3143:9:lis2dtw12_fifo_mode_set	32	static
../Core/Src/lis2dtw12_reg.c:3168:9:lis2dtw12_fifo_mode_get	32	static
../Core/Src/lis2dtw12_reg.c:3214:9:lis2dtw12_fifo_data_level_get	32	static
../Core/Src/lis2dtw12_reg.c:3233:9:lis2dtw12_fifo_ovr_flag_get	32	static
../Core/Src/lis2dtw12_reg.c:3252:9:lis2dtw12_fifo_wtm_flag_get	32	static
